Analysis & Synthesis report for bs
Wed Jun 03 17:34:00 2026
Quartus Prime Version 20.1.1 Build 720 11/11/2020 SJ Lite Edition


---------------------
; Table of Contents ;
---------------------
  1. Legal Notice
  2. Analysis & Synthesis Summary
  3. Analysis & Synthesis Settings
  4. Parallel Compilation
  5. Analysis & Synthesis Source Files Read
  6. Analysis & Synthesis Messages



----------------
; Legal Notice ;
----------------
Copyright (C) 2020  Intel Corporation. All rights reserved.
Your use of Intel Corporation's design tools, logic functions 
and other software and tools, and any partner logic 
functions, and any output files from any of the foregoing 
(including device programming or simulation files), and any 
associated documentation or information are expressly subject 
to the terms and conditions of the Intel Program License 
Subscription Agreement, the Intel Quartus Prime License Agreement,
the Intel FPGA IP License Agreement, or other applicable license
agreement, including, without limitation, that your use is for
the sole purpose of programming logic devices manufactured by
Intel and sold by Intel or its authorized distributors.  Please
refer to the applicable agreement for further details, at
https://fpgasoftware.intel.com/eula.



+---------------------------------------------------------------------------+
; Analysis & Synthesis Summary                                              ;
+-----------------------------+---------------------------------------------+
; Analysis & Synthesis Status ; Failed - Wed Jun 03 17:34:00 2026           ;
; Quartus Prime Version       ; 20.1.1 Build 720 11/11/2020 SJ Lite Edition ;
; Revision Name               ; bs                                          ;
; Top-level Entity Name       ; DUT                                         ;
; Family                      ; MAX V                                       ;
+-----------------------------+---------------------------------------------+


+------------------------------------------------------------------------------------------------------------+
; Analysis & Synthesis Settings                                                                              ;
+------------------------------------------------------------------+--------------------+--------------------+
; Option                                                           ; Setting            ; Default Value      ;
+------------------------------------------------------------------+--------------------+--------------------+
; Device                                                           ; 5M1270ZT144C5      ;                    ;
; Top-level entity name                                            ; DUT                ; bs                 ;
; Family name                                                      ; MAX V              ; Cyclone V          ;
; Use smart compilation                                            ; Off                ; Off                ;
; Enable parallel Assembler and Timing Analyzer during compilation ; On                 ; On                 ;
; Enable compact report table                                      ; Off                ; Off                ;
; Restructure Multiplexers                                         ; Auto               ; Auto               ;
; Create Debugging Nodes for IP Cores                              ; Off                ; Off                ;
; Preserve fewer node names                                        ; On                 ; On                 ;
; Intel FPGA IP Evaluation Mode                                    ; Enable             ; Enable             ;
; Verilog Version                                                  ; Verilog_2001       ; Verilog_2001       ;
; VHDL Version                                                     ; VHDL_1993          ; VHDL_1993          ;
; State Machine Processing                                         ; Auto               ; Auto               ;
; Safe State Machine                                               ; Off                ; Off                ;
; Extract Verilog State Machines                                   ; On                 ; On                 ;
; Extract VHDL State Machines                                      ; On                 ; On                 ;
; Ignore Verilog initial constructs                                ; Off                ; Off                ;
; Iteration limit for constant Verilog loops                       ; 5000               ; 5000               ;
; Iteration limit for non-constant Verilog loops                   ; 250                ; 250                ;
; Add Pass-Through Logic to Inferred RAMs                          ; On                 ; On                 ;
; Infer RAMs from Raw Logic                                        ; On                 ; On                 ;
; Parallel Synthesis                                               ; On                 ; On                 ;
; NOT Gate Push-Back                                               ; On                 ; On                 ;
; Power-Up Don't Care                                              ; On                 ; On                 ;
; Remove Redundant Logic Cells                                     ; Off                ; Off                ;
; Remove Duplicate Registers                                       ; On                 ; On                 ;
; Ignore CARRY Buffers                                             ; Off                ; Off                ;
; Ignore CASCADE Buffers                                           ; Off                ; Off                ;
; Ignore GLOBAL Buffers                                            ; Off                ; Off                ;
; Ignore ROW GLOBAL Buffers                                        ; Off                ; Off                ;
; Ignore LCELL Buffers                                             ; Off                ; Off                ;
; Ignore SOFT Buffers                                              ; On                 ; On                 ;
; Limit AHDL Integers to 32 Bits                                   ; Off                ; Off                ;
; Optimization Technique                                           ; Balanced           ; Balanced           ;
; Carry Chain Length                                               ; 70                 ; 70                 ;
; Auto Carry Chains                                                ; On                 ; On                 ;
; Auto Open-Drain Pins                                             ; On                 ; On                 ;
; Perform WYSIWYG Primitive Resynthesis                            ; Off                ; Off                ;
; Auto Shift Register Replacement                                  ; Auto               ; Auto               ;
; Allow Shift Register Merging across Hierarchies                  ; Auto               ; Auto               ;
; Auto Clock Enable Replacement                                    ; On                 ; On                 ;
; Allow Synchronous Control Signals                                ; On                 ; On                 ;
; Force Use of Synchronous Clear Signals                           ; Off                ; Off                ;
; Auto Resource Sharing                                            ; Off                ; Off                ;
; Use LogicLock Constraints during Resource Balancing              ; On                 ; On                 ;
; Ignore translate_off and synthesis_off directives                ; Off                ; Off                ;
; Report Parameter Settings                                        ; On                 ; On                 ;
; Report Source Assignments                                        ; On                 ; On                 ;
; Report Connectivity Checks                                       ; On                 ; On                 ;
; Ignore Maximum Fan-Out Assignments                               ; Off                ; Off                ;
; Synchronization Register Chain Length                            ; 2                  ; 2                  ;
; Power Optimization During Synthesis                              ; Normal compilation ; Normal compilation ;
; HDL message level                                                ; Level2             ; Level2             ;
; Suppress Register Optimization Related Messages                  ; Off                ; Off                ;
; Number of Removed Registers Reported in Synthesis Report         ; 5000               ; 5000               ;
; Number of Swept Nodes Reported in Synthesis Report               ; 5000               ; 5000               ;
; Number of Inverted Registers Reported in Synthesis Report        ; 100                ; 100                ;
; Clock MUX Protection                                             ; On                 ; On                 ;
; Block Design Naming                                              ; Auto               ; Auto               ;
; Synthesis Effort                                                 ; Auto               ; Auto               ;
; Shift Register Replacement - Allow Asynchronous Clear Signal     ; On                 ; On                 ;
; Analysis & Synthesis Message Level                               ; Medium             ; Medium             ;
; Disable Register Merging Across Hierarchies                      ; Auto               ; Auto               ;
+------------------------------------------------------------------+--------------------+--------------------+


+------------------------------------------+
; Parallel Compilation                     ;
+----------------------------+-------------+
; Processors                 ; Number      ;
+----------------------------+-------------+
; Number detected on machine ; 8           ;
; Maximum allowed            ; 4           ;
;                            ;             ;
; Average used               ; 1.00        ;
; Maximum used               ; 1           ;
;                            ;             ;
; Usage by Processor         ; % Time Used ;
;     Processor 1            ; 100.0%      ;
+----------------------------+-------------+


+---------------------------------------------------------------------------------------------------------------+
; Analysis & Synthesis Source Files Read                                                                        ;
+----------------------------------+-----------------+-----------------+------------------------------+---------+
; File Name with User-Entered Path ; Used in Netlist ; File Type       ; File Name with Absolute Path ; Library ;
+----------------------------------+-----------------+-----------------+------------------------------+---------+
; DUT.vhdl                         ; yes             ; User VHDL File  ; D:/New BS/DUT.vhdl           ;         ;
+----------------------------------+-----------------+-----------------+------------------------------+---------+


+-------------------------------+
; Analysis & Synthesis Messages ;
+-------------------------------+
Info: *******************************************************************
Info: Running Quartus Prime Analysis & Synthesis
    Info: Version 20.1.1 Build 720 11/11/2020 SJ Lite Edition
    Info: Processing started: Wed Jun 03 17:33:51 2026
Info: Command: quartus_map --read_settings_files=on --write_settings_files=off bs -c bs
Warning (18236): Number of processors has not been specified which may cause overloading on shared machines.  Set the global assignment NUM_PARALLEL_PROCESSORS in your QSF to an appropriate value for best performance.
Info (20030): Parallel compilation is enabled and will use 4 of the 4 processors detected
Info (12021): Found 2 design units, including 1 entities, in source file testbench.vhdl
    Info (12022): Found design unit 1: Testbench-Behave File: D:/New BS/Testbench.vhdl Line: 9
    Info (12023): Found entity 1: Testbench File: D:/New BS/Testbench.vhdl Line: 7
Info (12021): Found 17 design units, including 8 entities, in source file gates.vhdl
    Info (12022): Found design unit 1: Gates File: D:/New BS/Gates.vhdl Line: 3
    Info (12022): Found design unit 2: INVERTER-Equations File: D:/New BS/Gates.vhdl Line: 45
    Info (12022): Found design unit 3: AND_2-Equations File: D:/New BS/Gates.vhdl Line: 57
    Info (12022): Found design unit 4: NAND_2-Equations File: D:/New BS/Gates.vhdl Line: 68
    Info (12022): Found design unit 5: OR_2-Equations File: D:/New BS/Gates.vhdl Line: 79
    Info (12022): Found design unit 6: NOR_2-Equations File: D:/New BS/Gates.vhdl Line: 90
    Info (12022): Found design unit 7: XOR_2-Equations File: D:/New BS/Gates.vhdl Line: 102
    Info (12022): Found design unit 8: XNOR_2-Equations File: D:/New BS/Gates.vhdl Line: 113
    Info (12022): Found design unit 9: HALF_ADDER-Equations File: D:/New BS/Gates.vhdl Line: 124
    Info (12023): Found entity 1: INVERTER File: D:/New BS/Gates.vhdl Line: 41
    Info (12023): Found entity 2: AND_2 File: D:/New BS/Gates.vhdl Line: 53
    Info (12023): Found entity 3: NAND_2 File: D:/New BS/Gates.vhdl Line: 64
    Info (12023): Found entity 4: OR_2 File: D:/New BS/Gates.vhdl Line: 75
    Info (12023): Found entity 5: NOR_2 File: D:/New BS/Gates.vhdl Line: 86
    Info (12023): Found entity 6: XOR_2 File: D:/New BS/Gates.vhdl Line: 98
    Info (12023): Found entity 7: XNOR_2 File: D:/New BS/Gates.vhdl Line: 109
    Info (12023): Found entity 8: HALF_ADDER File: D:/New BS/Gates.vhdl Line: 120
Info (12021): Found 2 design units, including 1 entities, in source file dut.vhdl
    Info (12022): Found design unit 1: DUT-DutWrap File: D:/New BS/DUT.vhdl Line: 11
    Info (12023): Found entity 1: DUT File: D:/New BS/DUT.vhdl Line: 4
Warning (12090): Entity "mux" obtained from "bs.vhd" instead of from Quartus Prime megafunction library File: D:/New BS/bs.vhd Line: 7
Info (12021): Found 2 design units, including 1 entities, in source file bs.vhd
    Info (12022): Found design unit 1: mux-struct File: D:/New BS/bs.vhd Line: 15
    Info (12023): Found entity 1: mux File: D:/New BS/bs.vhd Line: 7
Warning (12019): Can't analyze file -- file universal.vhd is missing
Info (12127): Elaborating entity "DUT" for the top level hierarchy
Error (12006): Node instance "U1" instantiates undefined entity "universal_shifter". Ensure that required library paths are specified correctly, define the specified entity, or change the instantiation. If this entity represents Intel FPGA or third-party IP, generate the synthesis files for the IP. File: D:/New BS/DUT.vhdl Line: 24
Error: Quartus Prime Analysis & Synthesis was unsuccessful. 1 error, 3 warnings
    Error: Peak virtual memory: 4775 megabytes
    Error: Processing ended: Wed Jun 03 17:34:00 2026
    Error: Elapsed time: 00:00:09
    Error: Total CPU time (on all processors): 00:00:23


